// Jest Snapshot v1, https://goo.gl/fbAQLP

exports[`availability executes as expected 1`] = `
Object {
  "body": "{\\"foo\\":\\"bar\\",\\"propertyId\\":\\"1234\\"}",
  "statusCode": 200,
}
`;
