// Jest Snapshot v1, https://goo.gl/fbAQLP

exports[`should get availability 1`] = `
Object {
  "foo": "bar",
  "propertyId": "1234",
}
`;
